2024-05-28T09:04:55.0882728Z Current runner version: '2.316.1'
2024-05-28T09:04:55.0905745Z ##[group]Operating System
2024-05-28T09:04:55.0906341Z Ubuntu
2024-05-28T09:04:55.0906802Z 22.04.4
2024-05-28T09:04:55.0907108Z LTS
2024-05-28T09:04:55.0907437Z ##[endgroup]
2024-05-28T09:04:55.0907888Z ##[group]Runner Image
2024-05-28T09:04:55.0908331Z Image: ubuntu-22.04
2024-05-28T09:04:55.0908693Z Version: 20240516.1.0
2024-05-28T09:04:55.0909788Z Included Software: https://github.com/actions/runner-images/blob/ubuntu22/20240516.1/images/ubuntu/Ubuntu2204-Readme.md
2024-05-28T09:04:55.0911209Z Image Release: https://github.com/actions/runner-images/releases/tag/ubuntu22%2F20240516.1
2024-05-28T09:04:55.0912270Z ##[endgroup]
2024-05-28T09:04:55.0912786Z ##[group]Runner Image Provisioner
2024-05-28T09:04:55.0913269Z 2.0.369.1
2024-05-28T09:04:55.0913570Z ##[endgroup]
2024-05-28T09:04:55.0914589Z ##[group]GITHUB_TOKEN Permissions
2024-05-28T09:04:55.0916125Z Contents: read
2024-05-28T09:04:55.0916688Z Metadata: read
2024-05-28T09:04:55.0917228Z Packages: read
2024-05-28T09:04:55.0917791Z ##[endgroup]
2024-05-28T09:04:55.0920698Z Secret source: Actions
2024-05-28T09:04:55.0921281Z Prepare workflow directory
2024-05-28T09:04:55.1823821Z Prepare all required actions
2024-05-28T09:04:55.1989792Z Complete job name: if_merged
2024-05-28T09:04:55.2940810Z ##[group]Run echo "$GITHUB_CONTEXT"
2024-05-28T09:04:55.2941552Z [36;1mecho "$GITHUB_CONTEXT"[0m
2024-05-28T09:04:55.3334052Z shell: /usr/bin/bash -e {0}
2024-05-28T09:04:55.3334785Z env:
2024-05-28T09:04:55.3335145Z   PR_NUMBER: 3
2024-05-28T09:04:55.3497994Z   GITHUB_CONTEXT: {
  "token": "***",
  "job": "if_merged",
  "ref": "refs/heads/main",
  "sha": "4f1f170bca95c3af6cb472457b049ae14393aa53",
  "repository": "sivasadobe/test-wf",
  "repository_owner": "sivasadobe",
  "repository_owner_id": "163842332",
  "repositoryUrl": "git://github.com/sivasadobe/test-wf.git",
  "run_id": "9266543526",
  "run_number": "6",
  "retention_days": "90",
  "run_attempt": "1",
  "artifact_cache_size_limit": "10",
  "repository_visibility": "public",
  "repo-self-hosted-runners-disabled": false,
  "enterprise-managed-business-id": "",
  "repository_id": "806946622",
  "actor_id": "163842332",
  "actor": "sivasadobe",
  "triggering_actor": "sivasadobe",
  "workflow": "release-notification",
  "head_ref": "stage",
  "base_ref": "main",
  "event_name": "pull_request",
  "event": {
    "action": "closed",
    "number": 3,
    "pull_request": {
      "_links": {
        "comments": {
          "href": "https://api.github.com/repos/sivasadobe/test-wf/issues/3/comments"
        },
        "commits": {
          "href": "https://api.github.com/repos/sivasadobe/test-wf/pulls/3/commits"
        },
        "html": {
          "href": "https://github.com/sivasadobe/test-wf/pull/3"
        },
        "issue": {
          "href": "https://api.github.com/repos/sivasadobe/test-wf/issues/3"
        },
        "review_comment": {
          "href": "https://api.github.com/repos/sivasadobe/test-wf/pulls/comments{/number}"
        },
        "review_comments": {
          "href": "https://api.github.com/repos/sivasadobe/test-wf/pulls/3/comments"
        },
        "self": {
          "href": "https://api.github.com/repos/sivasadobe/test-wf/pulls/3"
        },
        "statuses": {
          "href": "https://api.github.com/repos/sivasadobe/test-wf/statuses/70aef2bbd4401dc4c9d692ef536b819a384248c4"
        }
      },
      "active_lock_reason": null,
      "additions": 0,
      "assignee": null,
      "assignees": [],
      "author_association": "OWNER",
      "auto_merge": null,
      "base": {
        "label": "sivasadobe:main",
        "ref": "main",
        "repo": {
          "allow_auto_merge": false,
          "allow_forking": true,
          "allow_merge_commit": true,
          "allow_rebase_merge": true,
          "allow_squash_merge": true,
          "allow_update_branch": false,
          "archive_url": "https://api.github.com/repos/sivasadobe/test-wf/{archive_format}{/ref}",
          "archived": false,
          "assignees_url": "https://api.github.com/repos/sivasadobe/test-wf/assignees{/user}",
          "blobs_url": "https://api.github.com/repos/sivasadobe/test-wf/git/blobs{/sha}",
          "branches_url": "https://api.github.com/repos/sivasadobe/test-wf/branches{/branch}",
          "clone_url": "https://github.com/sivasadobe/test-wf.git",
          "collaborators_url": "https://api.github.com/repos/sivasadobe/test-wf/collaborators{/collaborator}",
          "comments_url": "https://api.github.com/repos/sivasadobe/test-wf/comments{/number}",
          "commits_url": "https://api.github.com/repos/sivasadobe/test-wf/commits{/sha}",
          "compare_url": "https://api.github.com/repos/sivasadobe/test-wf/compare/{base}...{head}",
          "contents_url": "https://api.github.com/repos/sivasadobe/test-wf/contents/{+path}",
          "contributors_url": "https://api.github.com/repos/sivasadobe/test-wf/contributors",
          "created_at": "2024-05-28T07:51:19Z",
          "default_branch": "main",
          "delete_branch_on_merge": false,
          "deployments_url": "https://api.github.com/repos/sivasadobe/test-wf/deployments",
          "description": null,
          "disabled": false,
          "downloads_url": "https://api.github.com/repos/sivasadobe/test-wf/downloads",
          "events_url": "https://api.github.com/repos/sivasadobe/test-wf/events",
          "fork": false,
          "forks": 0,
          "forks_count": 0,
          "forks_url": "https://api.github.com/repos/sivasadobe/test-wf/forks",
          "full_name": "sivasadobe/test-wf",
          "git_commits_url": "https://api.github.com/repos/sivasadobe/test-wf/git/commits{/sha}",
          "git_refs_url": "https://api.github.com/repos/sivasadobe/test-wf/git/refs{/sha}",
          "git_tags_url": "https://api.github.com/repos/sivasadobe/test-wf/git/tags{/sha}",
          "git_url": "git://github.com/sivasadobe/test-wf.git",
          "has_discussions": false,
          "has_downloads": true,
          "has_issues": true,
          "has_pages": false,
          "has_projects": true,
          "has_wiki": true,
          "homepage": null,
          "hooks_url": "https://api.github.com/repos/sivasadobe/test-wf/hooks",
          "html_url": "https://github.com/sivasadobe/test-wf",
          "id": 806946622,
          "is_template": false,
          "issue_comment_url": "https://api.github.com/repos/sivasadobe/test-wf/issues/comments{/number}",
          "issue_events_url": "https://api.github.com/repos/sivasadobe/test-wf/issues/events{/number}",
          "issues_url": "https://api.github.com/repos/sivasadobe/test-wf/issues{/number}",
          "keys_url": "https://api.github.com/repos/sivasadobe/test-wf/keys{/key_id}",
          "labels_url": "https://api.github.com/repos/sivasadobe/test-wf/labels{/name}",
          "language": null,
          "languages_url": "https://api.github.com/repos/sivasadobe/test-wf/languages",
          "license": null,
          "merge_commit_message": "PR_TITLE",
          "merge_commit_title": "MERGE_MESSAGE",
          "merges_url": "https://api.github.com/repos/sivasadobe/test-wf/merges",
          "milestones_url": "https://api.github.com/repos/sivasadobe/test-wf/milestones{/number}",
          "mirror_url": null,
          "name": "test-wf",
          "node_id": "R_kgDOMBkHPg",
          "notifications_url": "https://api.github.com/repos/sivasadobe/test-wf/notifications{?since,all,participating}",
          "open_issues": 0,
          "open_issues_count": 0,
          "owner": {
            "avatar_url": "https://avatars.githubusercontent.com/u/163842332?v=4",
            "events_url": "https://api.github.com/users/sivasadobe/events{/privacy}",
            "followers_url": "https://api.github.com/users/sivasadobe/followers",
            "following_url": "https://api.github.com/users/sivasadobe/following{/other_user}",
            "gists_url": "https://api.github.com/users/sivasadobe/gists{/gist_id}",
            "gravatar_id": "",
            "html_url": "https://github.com/sivasadobe",
            "id": 163842332,
            "login": "sivasadobe",
            "node_id": "U_kgDOCcQJHA",
            "organizations_url": "https://api.github.com/users/sivasadobe/orgs",
            "received_events_url": "https://api.github.com/users/sivasadobe/received_events",
            "repos_url": "https://api.github.com/users/sivasadobe/repos",
            "site_admin": false,
            "starred_url": "https://api.github.com/users/sivasadobe/starred{/owner}{/repo}",
            "subscriptions_url": "https://api.github.com/users/sivasadobe/subscriptions",
            "type": "User",
            "url": "https://api.github.com/users/sivasadobe"
          },
          "private": false,
          "pulls_url": "https://api.github.com/repos/sivasadobe/test-wf/pulls{/number}",
          "pushed_at": "2024-05-28T09:04:32Z",
          "releases_url": "https://api.github.com/repos/sivasadobe/test-wf/releases{/id}",
          "size": 6,
          "squash_merge_commit_message": "COMMIT_MESSAGES",
          "squash_merge_commit_title": "COMMIT_OR_PR_TITLE",
          "ssh_url": "git@github.com:sivasadobe/test-wf.git",
          "stargazers_count": 0,
          "stargazers_url": "https://api.github.com/repos/sivasadobe/test-wf/stargazers",
          "statuses_url": "https://api.github.com/repos/sivasadobe/test-wf/statuses/{sha}",
          "subscribers_url": "https://api.github.com/repos/sivasadobe/test-wf/subscribers",
          "subscription_url": "https://api.github.com/repos/sivasadobe/test-wf/subscription",
          "svn_url": "https://github.com/sivasadobe/test-wf",
          "tags_url": "https://api.github.com/repos/sivasadobe/test-wf/tags",
          "teams_url": "https://api.github.com/repos/sivasadobe/test-wf/teams",
          "topics": [],
          "trees_url": "https://api.github.com/repos/sivasadobe/test-wf/git/trees{/sha}",
          "updated_at": "2024-05-28T09:02:49Z",
          "url": "https://api.github.com/repos/sivasadobe/test-wf",
          "use_squash_pr_title_as_default": false,
          "visibility": "public",
          "watchers": 0,
          "watchers_count": 0,
          "web_commit_signoff_required": false
        },
        "sha": "035265e36f1f6f903f295470dbccea3fbd2fd215",
        "user": {
          "avatar_url": "https://avatars.githubusercontent.com/u/163842332?v=4",
          "events_url": "https://api.github.com/users/sivasadobe/events{/privacy}",
          "followers_url": "https://api.github.com/users/sivasadobe/followers",
          "following_url": "https://api.github.com/users/sivasadobe/following{/other_user}",
          "gists_url": "https://api.github.com/users/sivasadobe/gists{/gist_id}",
          "gravatar_id": "",
          "html_url": "https://github.com/sivasadobe",
          "id": 163842332,
          "login": "sivasadobe",
          "node_id": "U_kgDOCcQJHA",
          "organizations_url": "https://api.github.com/users/sivasadobe/orgs",
          "received_events_url": "https://api.github.com/users/sivasadobe/received_events",
          "repos_url": "https://api.github.com/users/sivasadobe/repos",
          "site_admin": false,
          "starred_url": "https://api.github.com/users/sivasadobe/starred{/owner}{/repo}",
          "subscriptions_url": "https://api.github.com/users/sivasadobe/subscriptions",
          "type": "User",
          "url": "https://api.github.com/users/sivasadobe"
        }
      },
      "body": "## What? \r\nSupport for #JIRA-123\r\n## What?\r\nAdded table to support #JIRA-567\r\n## What?\r\nSee the subject.",
      "changed_files": 1,
      "closed_at": "2024-05-28T09:04:45Z",
      "comments": 0,
      "comments_url": "https://api.github.com/repos/sivasadobe/test-wf/issues/3/comments",
      "commits": 1,
      "commits_url": "https://api.github.com/repos/sivasadobe/test-wf/pulls/3/commits",
      "created_at": "2024-05-28T09:04:32Z",
      "deletions": 1,
      "diff_url": "https://github.com/sivasadobe/test-wf/pull/3.diff",
      "draft": false,
      "head": {
        "label": "sivasadobe:stage",
        "ref": "stage",
        "repo": {
          "allow_auto_merge": false,
          "allow_forking": true,
          "allow_merge_commit": true,
          "allow_rebase_merge": true,
          "allow_squash_merge": true,
          "allow_update_branch": false,
          "archive_url": "https://api.github.com/repos/sivasadobe/test-wf/{archive_format}{/ref}",
          "archived": false,
          "assignees_url": "https://api.github.com/repos/sivasadobe/test-wf/assignees{/user}",
          "blobs_url": "https://api.github.com/repos/sivasadobe/test-wf/git/blobs{/sha}",
          "branches_url": "https://api.github.com/repos/sivasadobe/test-wf/branches{/branch}",
          "clone_url": "https://github.com/sivasadobe/test-wf.git",
          "collaborators_url": "https://api.github.com/repos/sivasadobe/test-wf/collaborators{/collaborator}",
          "comments_url": "https://api.github.com/repos/sivasadobe/test-wf/comments{/number}",
          "commits_url": "https://api.github.com/repos/sivasadobe/test-wf/commits{/sha}",
          "compare_url": "https://api.github.com/repos/sivasadobe/test-wf/compare/{base}...{head}",
          "contents_url": "https://api.github.com/repos/sivasadobe/test-wf/contents/{+path}",
          "contributors_url": "https://api.github.com/repos/sivasadobe/test-wf/contributors",
          "created_at": "2024-05-28T07:51:19Z",
          "default_branch": "main",
          "delete_branch_on_merge": false,
          "deployments_url": "https://api.github.com/repos/sivasadobe/test-wf/deployments",
          "description": null,
          "disabled": false,
          "downloads_url": "https://api.github.com/repos/sivasadobe/test-wf/downloads",
          "events_url": "https://api.github.com/repos/sivasadobe/test-wf/events",
          "fork": false,
          "forks": 0,
          "forks_count": 0,
          "forks_url": "https://api.github.com/repos/sivasadobe/test-wf/forks",
          "full_name": "sivasadobe/test-wf",
          "git_commits_url": "https://api.github.com/repos/sivasadobe/test-wf/git/commits{/sha}",
          "git_refs_url": "https://api.github.com/repos/sivasadobe/test-wf/git/refs{/sha}",
          "git_tags_url": "https://api.github.com/repos/sivasadobe/test-wf/git/tags{/sha}",
          "git_url": "git://github.com/sivasadobe/test-wf.git",
          "has_discussions": false,
          "has_downloads": true,
          "has_issues": true,
          "has_pages": false,
          "has_projects": true,
          "has_wiki": true,
          "homepage": null,
          "hooks_url": "https://api.github.com/repos/sivasadobe/test-wf/hooks",
          "html_url": "https://github.com/sivasadobe/test-wf",
          "id": 806946622,
          "is_template": false,
          "issue_comment_url": "https://api.github.com/repos/sivasadobe/test-wf/issues/comments{/number}",
          "issue_events_url": "https://api.github.com/repos/sivasadobe/test-wf/issues/events{/number}",
          "issues_url": "https://api.github.com/repos/sivasadobe/test-wf/issues{/number}",
          "keys_url": "https://api.github.com/repos/sivasadobe/test-wf/keys{/key_id}",
          "labels_url": "https://api.github.com/repos/sivasadobe/test-wf/labels{/name}",
          "language": null,
          "languages_url": "https://api.github.com/repos/sivasadobe/test-wf/languages",
          "license": null,
          "merge_commit_message": "PR_TITLE",
          "merge_commit_title": "MERGE_MESSAGE",
          "merges_url": "https://api.github.com/repos/sivasadobe/test-wf/merges",
          "milestones_url": "https://api.github.com/repos/sivasadobe/test-wf/milestones{/number}",
          "mirror_url": null,
          "name": "test-wf",
          "node_id": "R_kgDOMBkHPg",
          "notifications_url": "https://api.github.com/repos/sivasadobe/test-wf/notifications{?since,all,participating}",
          "open_issues": 0,
          "open_issues_count": 0,
          "owner": {
            "avatar_url": "https://avatars.githubusercontent.com/u/163842332?v=4",
            "events_url": "https://api.github.com/users/sivasadobe/events{/privacy}",
            "followers_url": "https://api.github.com/users/sivasadobe/followers",
            "following_url": "https://api.github.com/users/sivasadobe/following{/other_user}",
            "gists_url": "https://api.github.com/users/sivasadobe/gists{/gist_id}",
            "gravatar_id": "",
            "html_url": "https://github.com/sivasadobe",
            "id": 163842332,
            "login": "sivasadobe",
            "node_id": "U_kgDOCcQJHA",
            "organizations_url": "https://api.github.com/users/sivasadobe/orgs",
            "received_events_url": "https://api.github.com/users/sivasadobe/received_events",
            "repos_url": "https://api.github.com/users/sivasadobe/repos",
            "site_admin": false,
            "starred_url": "https://api.github.com/users/sivasadobe/starred{/owner}{/repo}",
            "subscriptions_url": "https://api.github.com/users/sivasadobe/subscriptions",
            "type": "User",
            "url": "https://api.github.com/users/sivasadobe"
          },
          "private": false,
          "pulls_url": "https://api.github.com/repos/sivasadobe/test-wf/pulls{/number}",
          "pushed_at": "2024-05-28T09:04:32Z",
          "releases_url": "https://api.github.com/repos/sivasadobe/test-wf/releases{/id}",
          "size": 6,
          "squash_merge_commit_message": "COMMIT_MESSAGES",
          "squash_merge_commit_title": "COMMIT_OR_PR_TITLE",
          "ssh_url": "git@github.com:sivasadobe/test-wf.git",
          "stargazers_count": 0,
          "stargazers_url": "https://api.github.com/repos/sivasadobe/test-wf/stargazers",
          "statuses_url": "https://api.github.com/repos/sivasadobe/test-wf/statuses/{sha}",
          "subscribers_url": "https://api.github.com/repos/sivasadobe/test-wf/subscribers",
          "subscription_url": "https://api.github.com/repos/sivasadobe/test-wf/subscription",
          "svn_url": "https://github.com/sivasadobe/test-wf",
          "tags_url": "https://api.github.com/repos/sivasadobe/test-wf/tags",
          "teams_url": "https://api.github.com/repos/sivasadobe/test-wf/teams",
          "topics": [],
          "trees_url": "https://api.github.com/repos/sivasadobe/test-wf/git/trees{/sha}",
          "updated_at": "2024-05-28T09:02:49Z",
          "url": "https://api.github.com/repos/sivasadobe/test-wf",
          "use_squash_pr_title_as_default": false,
          "visibility": "public",
          "watchers": 0,
          "watchers_count": 0,
          "web_commit_signoff_required": false
        },
        "sha": "70aef2bbd4401dc4c9d692ef536b819a384248c4",
        "user": {
          "avatar_url": "https://avatars.githubusercontent.com/u/163842332?v=4",
          "events_url": "https://api.github.com/users/sivasadobe/events{/privacy}",
          "followers_url": "https://api.github.com/users/sivasadobe/followers",
          "following_url": "https://api.github.com/users/sivasadobe/following{/other_user}",
          "gists_url": "https://api.github.com/users/sivasadobe/gists{/gist_id}",
          "gravatar_id": "",
          "html_url": "https://github.com/sivasadobe",
          "id": 163842332,
          "login": "sivasadobe",
          "node_id": "U_kgDOCcQJHA",
          "organizations_url": "https://api.github.com/users/sivasadobe/orgs",
          "received_events_url": "https://api.github.com/users/sivasadobe/received_events",
          "repos_url": "https://api.github.com/users/sivasadobe/repos",
          "site_admin": false,
          "starred_url": "https://api.github.com/users/sivasadobe/starred{/owner}{/repo}",
          "subscriptions_url": "https://api.github.com/users/sivasadobe/subscriptions",
          "type": "User",
          "url": "https://api.github.com/users/sivasadobe"
        }
      },
      "html_url": "https://github.com/sivasadobe/test-wf/pull/3",
      "id": 1891402274,
      "issue_url": "https://api.github.com/repos/sivasadobe/test-wf/issues/3",
      "labels": [],
      "locked": false,
      "maintainer_can_modify": false,
      "merge_commit_sha": "4f1f170bca95c3af6cb472457b049ae14393aa53",
      "mergeable": null,
      "mergeable_state": "unknown",
      "merged": true,
      "merged_at": "2024-05-28T09:04:45Z",
      "merged_by": {
        "avatar_url": "https://avatars.githubusercontent.com/u/163842332?v=4",
        "events_url": "https://api.github.com/users/sivasadobe/events{/privacy}",
        "followers_url": "https://api.github.com/users/sivasadobe/followers",
        "following_url": "https://api.github.com/users/sivasadobe/following{/other_user}",
        "gists_url": "https://api.github.com/users/sivasadobe/gists{/gist_id}",
        "gravatar_id": "",
        "html_url": "https://github.com/sivasadobe",
        "id": 163842332,
        "login": "sivasadobe",
        "node_id": "U_kgDOCcQJHA",
        "organizations_url": "https://api.github.com/users/sivasadobe/orgs",
        "received_events_url": "https://api.github.com/users/sivasadobe/received_events",
        "repos_url": "https://api.github.com/users/sivasadobe/repos",
        "site_admin": false,
        "starred_url": "https://api.github.com/users/sivasadobe/starred{/owner}{/repo}",
        "subscriptions_url": "https://api.github.com/users/sivasadobe/subscriptions",
        "type": "User",
        "url": "https://api.github.com/users/sivasadobe"
      },
      "milestone": null,
      "node_id": "PR_kwDOMBkHPs5wvIIi",
      "number": 3,
      "patch_url": "https://github.com/sivasadobe/test-wf/pull/3.patch",
      "rebaseable": null,
      "requested_reviewers": [],
      "requested_teams": [],
      "review_comment_url": "https://api.github.com/repos/sivasadobe/test-wf/pulls/comments{/number}",
      "review_comments": 0,
      "review_comments_url": "https://api.github.com/repos/sivasadobe/test-wf/pulls/3/comments",
      "state": "closed",
      "statuses_url": "https://api.github.com/repos/sivasadobe/test-wf/statuses/70aef2bbd4401dc4c9d692ef536b819a384248c4",
      "title": "fix",
      "updated_at": "2024-05-28T09:04:45Z",
      "url": "https://api.github.com/repos/sivasadobe/test-wf/pulls/3",
      "user": {
        "avatar_url": "https://avatars.githubusercontent.com/u/163842332?v=4",
        "events_url": "https://api.github.com/users/sivasadobe/events{/privacy}",
        "followers_url": "https://api.github.com/users/sivasadobe/followers",
        "following_url": "https://api.github.com/users/sivasadobe/following{/other_user}",
        "gists_url": "https://api.github.com/users/sivasadobe/gists{/gist_id}",
        "gravatar_id": "",
        "html_url": "https://github.com/sivasadobe",
        "id": 163842332,
        "login": "sivasadobe",
        "node_id": "U_kgDOCcQJHA",
        "organizations_url": "https://api.github.com/users/sivasadobe/orgs",
        "received_events_url": "https://api.github.com/users/sivasadobe/received_events",
        "repos_url": "https://api.github.com/users/sivasadobe/repos",
        "site_admin": false,
        "starred_url": "https://api.github.com/users/sivasadobe/starred{/owner}{/repo}",
        "subscriptions_url": "https://api.github.com/users/sivasadobe/subscriptions",
        "type": "User",
        "url": "https://api.github.com/users/sivasadobe"
      }
    },
    "repository": {
      "allow_forking": true,
      "archive_url": "https://api.github.com/repos/sivasadobe/test-wf/{archive_format}{/ref}",
      "archived": false,
      "assignees_url": "https://api.github.com/repos/sivasadobe/test-wf/assignees{/user}",
      "blobs_url": "https://api.github.com/repos/sivasadobe/test-wf/git/blobs{/sha}",
      "branches_url": "https://api.github.com/repos/sivasadobe/test-wf/branches{/branch}",
      "clone_url": "https://github.com/sivasadobe/test-wf.git",
      "collaborators_url": "https://api.github.com/repos/sivasadobe/test-wf/collaborators{/collaborator}",
      "comments_url": "https://api.github.com/repos/sivasadobe/test-wf/comments{/number}",
      "commits_url": "https://api.github.com/repos/sivasadobe/test-wf/commits{/sha}",
      "compare_url": "https://api.github.com/repos/sivasadobe/test-wf/compare/{base}...{head}",
      "contents_url": "https://api.github.com/repos/sivasadobe/test-wf/contents/{+path}",
      "contributors_url": "https://api.github.com/repos/sivasadobe/test-wf/contributors",
      "created_at": "2024-05-28T07:51:19Z",
      "default_branch": "main",
      "deployments_url": "https://api.github.com/repos/sivasadobe/test-wf/deployments",
      "description": null,
      "disabled": false,
      "downloads_url": "https://api.github.com/repos/sivasadobe/test-wf/downloads",
      "events_url": "https://api.github.com/repos/sivasadobe/test-wf/events",
      "fork": false,
      "forks": 0,
      "forks_count": 0,
      "forks_url": "https://api.github.com/repos/sivasadobe/test-wf/forks",
      "full_name": "sivasadobe/test-wf",
      "git_commits_url": "https://api.github.com/repos/sivasadobe/test-wf/git/commits{/sha}",
      "git_refs_url": "https://api.github.com/repos/sivasadobe/test-wf/git/refs{/sha}",
      "git_tags_url": "https://api.github.com/repos/sivasadobe/test-wf/git/tags{/sha}",
      "git_url": "git://github.com/sivasadobe/test-wf.git",
      "has_discussions": false,
      "has_downloads": true,
      "has_issues": true,
      "has_pages": false,
      "has_projects": true,
      "has_wiki": true,
      "homepage": null,
      "hooks_url": "https://api.github.com/repos/sivasadobe/test-wf/hooks",
      "html_url": "https://github.com/sivasadobe/test-wf",
      "id": 806946622,
      "is_template": false,
      "issue_comment_url": "https://api.github.com/repos/sivasadobe/test-wf/issues/comments{/number}",
      "issue_events_url": "https://api.github.com/repos/sivasadobe/test-wf/issues/events{/number}",
      "issues_url": "https://api.github.com/repos/sivasadobe/test-wf/issues{/number}",
      "keys_url": "https://api.github.com/repos/sivasadobe/test-wf/keys{/key_id}",
      "labels_url": "https://api.github.com/repos/sivasadobe/test-wf/labels{/name}",
      "language": null,
      "languages_url": "https://api.github.com/repos/sivasadobe/test-wf/languages",
      "license": null,
      "merges_url": "https://api.github.com/repos/sivasadobe/test-wf/merges",
      "milestones_url": "https://api.github.com/repos/sivasadobe/test-wf/milestones{/number}",
      "mirror_url": null,
      "name": "test-wf",
      "node_id": "R_kgDOMBkHPg",
      "notifications_url": "https://api.github.com/repos/sivasadobe/test-wf/notifications{?since,all,participating}",
      "open_issues": 0,
      "open_issues_count": 0,
      "owner": {
        "avatar_url": "https://avatars.githubusercontent.com/u/163842332?v=4",
        "events_url": "https://api.github.com/users/sivasadobe/events{/privacy}",
        "followers_url": "https://api.github.com/users/sivasadobe/followers",
        "following_url": "https://api.github.com/users/sivasadobe/following{/other_user}",
        "gists_url": "https://api.github.com/users/sivasadobe/gists{/gist_id}",
        "gravatar_id": "",
        "html_url": "https://github.com/sivasadobe",
        "id": 163842332,
        "login": "sivasadobe",
        "node_id": "U_kgDOCcQJHA",
        "organizations_url": "https://api.github.com/users/sivasadobe/orgs",
        "received_events_url": "https://api.github.com/users/sivasadobe/received_events",
        "repos_url": "https://api.github.com/users/sivasadobe/repos",
        "site_admin": false,
        "starred_url": "https://api.github.com/users/sivasadobe/starred{/owner}{/repo}",
        "subscriptions_url": "https://api.github.com/users/sivasadobe/subscriptions",
        "type": "User",
        "url": "https://api.github.com/users/sivasadobe"
      },
      "private": false,
      "pulls_url": "https://api.github.com/repos/sivasadobe/test-wf/pulls{/number}",
      "pushed_at": "2024-05-28T09:04:32Z",
      "releases_url": "https://api.github.com/repos/sivasadobe/test-wf/releases{/id}",
      "size": 6,
      "ssh_url": "git@github.com:sivasadobe/test-wf.git",
      "stargazers_count": 0,
      "stargazers_url": "https://api.github.com/repos/sivasadobe/test-wf/stargazers",
      "statuses_url": "https://api.github.com/repos/sivasadobe/test-wf/statuses/{sha}",
      "subscribers_url": "https://api.github.com/repos/sivasadobe/test-wf/subscribers",
      "subscription_url": "https://api.github.com/repos/sivasadobe/test-wf/subscription",
      "svn_url": "https://github.com/sivasadobe/test-wf",
      "tags_url": "https://api.github.com/repos/sivasadobe/test-wf/tags",
      "teams_url": "https://api.github.com/repos/sivasadobe/test-wf/teams",
      "topics": [],
      "trees_url": "https://api.github.com/repos/sivasadobe/test-wf/git/trees{/sha}",
      "updated_at": "2024-05-28T09:02:49Z",
      "url": "https://api.github.com/repos/sivasadobe/test-wf",
      "visibility": "public",
      "watchers": 0,
      "watchers_count": 0,
      "web_commit_signoff_required": false
    },
    "sender": {
      "avatar_url": "https://avatars.githubusercontent.com/u/163842332?v=4",
      "events_url": "https://api.github.com/users/sivasadobe/events{/privacy}",
      "followers_url": "https://api.github.com/users/sivasadobe/followers",
      "following_url": "https://api.github.com/users/sivasadobe/following{/other_user}",
      "gists_url": "https://api.github.com/users/sivasadobe/gists{/gist_id}",
      "gravatar_id": "",
      "html_url": "https://github.com/sivasadobe",
      "id": 163842332,
      "login": "sivasadobe",
      "node_id": "U_kgDOCcQJHA",
      "organizations_url": "https://api.github.com/users/sivasadobe/orgs",
      "received_events_url": "https://api.github.com/users/sivasadobe/received_events",
      "repos_url": "https://api.github.com/users/sivasadobe/repos",
      "site_admin": false,
      "starred_url": "https://api.github.com/users/sivasadobe/starred{/owner}{/repo}",
      "subscriptions_url": "https://api.github.com/users/sivasadobe/subscriptions",
      "type": "User",
      "url": "https://api.github.com/users/sivasadobe"
    }
  },
  "server_url": "https://github.com",
  "api_url": "https://api.github.com",
  "graphql_url": "https://api.github.com/graphql",
  "ref_name": "main",
  "ref_protected": false,
  "ref_type": "branch",
  "secret_source": "Actions",
  "workflow_ref": "sivasadobe/test-wf/.github/workflows/release-notification.yaml@refs/heads/main",
  "workflow_sha": "4f1f170bca95c3af6cb472457b049ae14393aa53",
  "workspace": "/home/runner/work/test-wf/test-wf",
  "action": "__run"
}
2024-05-28T09:04:55.3659044Z ##[endgroup]
2024-05-28T09:04:55.4066732Z {
2024-05-28T09:04:55.4068393Z   "token": "***",
2024-05-28T09:04:55.4068794Z   "job": "if_merged",
2024-05-28T09:04:55.4069259Z   "ref": "refs/heads/main",
2024-05-28T09:04:55.4069888Z   "sha": "4f1f170bca95c3af6cb472457b049ae14393aa53",
2024-05-28T09:04:55.4070683Z   "repository": "sivasadobe/test-wf",
2024-05-28T09:04:55.4071228Z   "repository_owner": "sivasadobe",
2024-05-28T09:04:55.4072081Z   "repository_owner_id": "163842332",
2024-05-28T09:04:55.4072831Z   "repositoryUrl": "git://github.com/sivasadobe/test-wf.git",
2024-05-28T09:04:55.4073554Z   "run_id": "9266543526",
2024-05-28T09:04:55.4074056Z   "run_number": "6",
2024-05-28T09:04:55.4074439Z   "retention_days": "90",
2024-05-28T09:04:55.4074884Z   "run_attempt": "1",
2024-05-28T09:04:55.4075373Z   "artifact_cache_size_limit": "10",
2024-05-28T09:04:55.4075882Z   "repository_visibility": "public",
2024-05-28T09:04:55.4076545Z   "repo-self-hosted-runners-disabled": false,
2024-05-28T09:04:55.4077275Z   "enterprise-managed-business-id": "",
2024-05-28T09:04:55.4077808Z   "repository_id": "806946622",
2024-05-28T09:04:55.4078269Z   "actor_id": "163842332",
2024-05-28T09:04:55.4078787Z   "actor": "sivasadobe",
2024-05-28T09:04:55.4079214Z   "triggering_actor": "sivasadobe",
2024-05-28T09:04:55.4079785Z   "workflow": "release-notification",
2024-05-28T09:04:55.4080359Z   "head_ref": "stage",
2024-05-28T09:04:55.4080745Z   "base_ref": "main",
2024-05-28T09:04:55.4081161Z   "event_name": "pull_request",
2024-05-28T09:04:55.4081716Z   "event": {
2024-05-28T09:04:55.4082086Z     "action": "closed",
2024-05-28T09:04:55.4082455Z     "number": 3,
2024-05-28T09:04:55.4082913Z     "pull_request": {
2024-05-28T09:04:55.4083270Z       "_links": {
2024-05-28T09:04:55.4083643Z         "comments": {
2024-05-28T09:04:55.4084449Z           "href": "https://api.github.com/repos/sivasadobe/test-wf/issues/3/comments"
2024-05-28T09:04:55.4085453Z         },
2024-05-28T09:04:55.4085802Z         "commits": {
2024-05-28T09:04:55.4086616Z           "href": "https://api.github.com/repos/sivasadobe/test-wf/pulls/3/commits"
2024-05-28T09:04:55.4087325Z         },
2024-05-28T09:04:55.4087682Z         "html": {
2024-05-28T09:04:55.4088326Z           "href": "https://github.com/sivasadobe/test-wf/pull/3"
2024-05-28T09:04:55.4088902Z         },
2024-05-28T09:04:55.4089258Z         "issue": {
2024-05-28T09:04:55.4089955Z           "href": "https://api.github.com/repos/sivasadobe/test-wf/issues/3"
2024-05-28T09:04:55.4090609Z         },
2024-05-28T09:04:55.4090982Z         "review_comment": {
2024-05-28T09:04:55.4091858Z           "href": "https://api.github.com/repos/sivasadobe/test-wf/pulls/comments{/number}"
2024-05-28T09:04:55.4092648Z         },
2024-05-28T09:04:55.4092987Z         "review_comments": {
2024-05-28T09:04:55.4093803Z           "href": "https://api.github.com/repos/sivasadobe/test-wf/pulls/3/comments"
2024-05-28T09:04:55.4094563Z         },
2024-05-28T09:04:55.4094870Z         "self": {
2024-05-28T09:04:55.4095666Z           "href": "https://api.github.com/repos/sivasadobe/test-wf/pulls/3"
2024-05-28T09:04:55.4096367Z         },
2024-05-28T09:04:55.4096675Z         "statuses": {
2024-05-28T09:04:55.4097948Z           "href": "https://api.github.com/repos/sivasadobe/test-wf/statuses/70aef2bbd4401dc4c9d692ef536b819a384248c4"
2024-05-28T09:04:55.4098973Z         }
2024-05-28T09:04:55.4099291Z       },
2024-05-28T09:04:55.4099749Z       "active_lock_reason": null,
2024-05-28T09:04:55.4100233Z       "additions": 0,
2024-05-28T09:04:55.4100600Z       "assignee": null,
2024-05-28T09:04:55.4101095Z       "assignees": [],
2024-05-28T09:04:55.4101528Z       "author_association": "OWNER",
2024-05-28T09:04:55.4102005Z       "auto_merge": null,
2024-05-28T09:04:55.4102493Z       "base": {
2024-05-28T09:04:55.4102880Z         "label": "sivasadobe:main",
2024-05-28T09:04:55.4103329Z         "ref": "main",
2024-05-28T09:04:55.4103809Z         "repo": {
2024-05-28T09:04:55.4104173Z           "allow_auto_merge": false,
2024-05-28T09:04:55.4104690Z           "allow_forking": true,
2024-05-28T09:04:55.4105252Z           "allow_merge_commit": true,
2024-05-28T09:04:55.4105733Z           "allow_rebase_merge": true,
2024-05-28T09:04:55.4106249Z           "allow_squash_merge": true,
2024-05-28T09:04:55.4106831Z           "allow_update_branch": false,
2024-05-28T09:04:55.4107754Z           "archive_url": "https://api.github.com/repos/sivasadobe/test-wf/{archive_format}{/ref}",
2024-05-28T09:04:55.4108587Z           "archived": false,
2024-05-28T09:04:55.4109462Z           "assignees_url": "https://api.github.com/repos/sivasadobe/test-wf/assignees{/user}",
2024-05-28T09:04:55.4110611Z           "blobs_url": "https://api.github.com/repos/sivasadobe/test-wf/git/blobs{/sha}",
2024-05-28T09:04:55.4111740Z           "branches_url": "https://api.github.com/repos/sivasadobe/test-wf/branches{/branch}",
2024-05-28T09:04:55.4113125Z           "clone_url": "https://github.com/sivasadobe/test-wf.git",
2024-05-28T09:04:55.4114301Z           "collaborators_url": "https://api.github.com/repos/sivasadobe/test-wf/collaborators{/collaborator}",
2024-05-28T09:04:55.4115616Z           "comments_url": "https://api.github.com/repos/sivasadobe/test-wf/comments{/number}",
2024-05-28T09:04:55.4116839Z           "commits_url": "https://api.github.com/repos/sivasadobe/test-wf/commits{/sha}",
2024-05-28T09:04:55.4118061Z           "compare_url": "https://api.github.com/repos/sivasadobe/test-wf/compare/{base}...{head}",
2024-05-28T09:04:55.4119296Z           "contents_url": "https://api.github.com/repos/sivasadobe/test-wf/contents/{+path}",
2024-05-28T09:04:55.4120504Z           "contributors_url": "https://api.github.com/repos/sivasadobe/test-wf/contributors",
2024-05-28T09:04:55.4121426Z           "created_at": "2024-05-28T07:51:19Z",
2024-05-28T09:04:55.4121979Z           "default_branch": "main",
2024-05-28T09:04:55.4122532Z           "delete_branch_on_merge": false,
2024-05-28T09:04:55.4123461Z           "deployments_url": "https://api.github.com/repos/sivasadobe/test-wf/deployments",
2024-05-28T09:04:55.4124456Z           "description": null,
2024-05-28T09:04:55.4124963Z           "disabled": false,
2024-05-28T09:04:55.4125773Z           "downloads_url": "https://api.github.com/repos/sivasadobe/test-wf/downloads",
2024-05-28T09:04:55.4126832Z           "events_url": "https://api.github.com/repos/sivasadobe/test-wf/events",
2024-05-28T09:04:55.4127639Z           "fork": false,
2024-05-28T09:04:55.4128033Z           "forks": 0,
2024-05-28T09:04:55.4128441Z           "forks_count": 0,
2024-05-28T09:04:55.4129218Z           "forks_url": "https://api.github.com/repos/sivasadobe/test-wf/forks",
2024-05-28T09:04:55.4129981Z           "full_name": "sivasadobe/test-wf",
2024-05-28T09:04:55.4130897Z           "git_commits_url": "https://api.github.com/repos/sivasadobe/test-wf/git/commits{/sha}",
2024-05-28T09:04:55.4132153Z           "git_refs_url": "https://api.github.com/repos/sivasadobe/test-wf/git/refs{/sha}",
2024-05-28T09:04:55.4133278Z           "git_tags_url": "https://api.github.com/repos/sivasadobe/test-wf/git/tags{/sha}",
2024-05-28T09:04:55.4134188Z           "git_url": "git://github.com/sivasadobe/test-wf.git",
2024-05-28T09:04:55.4135126Z           "has_discussions": false,
2024-05-28T09:04:55.4135695Z           "has_downloads": true,
2024-05-28T09:04:55.4136155Z           "has_issues": true,
2024-05-28T09:04:55.4136675Z           "has_pages": false,
2024-05-28T09:04:55.4137131Z           "has_projects": true,
2024-05-28T09:04:55.4137573Z           "has_wiki": true,
2024-05-28T09:04:55.4138093Z           "homepage": null,
2024-05-28T09:04:55.4138819Z           "hooks_url": "https://api.github.com/repos/sivasadobe/test-wf/hooks",
2024-05-28T09:04:55.4139676Z           "html_url": "https://github.com/sivasadobe/test-wf",
2024-05-28T09:04:55.4140351Z           "id": 806946622,
2024-05-28T09:04:55.4140801Z           "is_template": false,
2024-05-28T09:04:55.4141695Z           "issue_comment_url": "https://api.github.com/repos/sivasadobe/test-wf/issues/comments{/number}",
2024-05-28T09:04:55.4143113Z           "issue_events_url": "https://api.github.com/repos/sivasadobe/test-wf/issues/events{/number}",
2024-05-28T09:04:55.4144345Z           "issues_url": "https://api.github.com/repos/sivasadobe/test-wf/issues{/number}",
2024-05-28T09:04:55.4145394Z           "keys_url": "https://api.github.com/repos/sivasadobe/test-wf/keys{/key_id}",
2024-05-28T09:04:55.4146544Z           "labels_url": "https://api.github.com/repos/sivasadobe/test-wf/labels{/name}",
2024-05-28T09:04:55.4147338Z           "language": null,
2024-05-28T09:04:55.4148049Z           "languages_url": "https://api.github.com/repos/sivasadobe/test-wf/languages",
2024-05-28T09:04:55.4148886Z           "license": null,
2024-05-28T09:04:55.4149373Z           "merge_commit_message": "PR_TITLE",
2024-05-28T09:04:55.4149950Z           "merge_commit_title": "MERGE_MESSAGE",
2024-05-28T09:04:55.4150797Z           "merges_url": "https://api.github.com/repos/sivasadobe/test-wf/merges",
2024-05-28T09:04:55.4152228Z           "milestones_url": "https://api.github.com/repos/sivasadobe/test-wf/milestones{/number}",
2024-05-28T09:04:55.4153092Z           "mirror_url": null,
2024-05-28T09:04:55.4153658Z           "name": "test-wf",
2024-05-28T09:04:55.4154141Z           "node_id": "R_kgDOMBkHPg",
2024-05-28T09:04:55.4155239Z           "notifications_url": "https://api.github.com/repos/sivasadobe/test-wf/notifications{?since,all,participating}",
2024-05-28T09:04:55.4156315Z           "open_issues": 0,
2024-05-28T09:04:55.4156770Z           "open_issues_count": 0,
2024-05-28T09:04:55.4157235Z           "owner": {
2024-05-28T09:04:55.4157899Z             "avatar_url": "https://avatars.githubusercontent.com/u/163842332?v=4",
2024-05-28T09:04:55.4158871Z             "events_url": "https://api.github.com/users/sivasadobe/events{/privacy}",
2024-05-28T09:04:55.4159824Z             "followers_url": "https://api.github.com/users/sivasadobe/followers",
2024-05-28T09:04:55.4160898Z             "following_url": "https://api.github.com/users/sivasadobe/following{/other_user}",
2024-05-28T09:04:55.4162092Z             "gists_url": "https://api.github.com/users/sivasadobe/gists{/gist_id}",
2024-05-28T09:04:55.4162863Z             "gravatar_id": "",
2024-05-28T09:04:55.4163485Z             "html_url": "https://github.com/sivasadobe",
2024-05-28T09:04:55.4164033Z             "id": 163842332,
2024-05-28T09:04:55.4164496Z             "login": "sivasadobe",
2024-05-28T09:04:55.4165063Z             "node_id": "U_kgDOCcQJHA",
2024-05-28T09:04:55.4165737Z             "organizations_url": "https://api.github.com/users/sivasadobe/orgs",
2024-05-28T09:04:55.4166754Z             "received_events_url": "https://api.github.com/users/sivasadobe/received_events",
2024-05-28T09:04:55.4167766Z             "repos_url": "https://api.github.com/users/sivasadobe/repos",
2024-05-28T09:04:55.4168407Z             "site_admin": false,
2024-05-28T09:04:55.4169171Z             "starred_url": "https://api.github.com/users/sivasadobe/starred{/owner}{/repo}",
2024-05-28T09:04:55.4170317Z             "subscriptions_url": "https://api.github.com/users/sivasadobe/subscriptions",
2024-05-28T09:04:55.4171069Z             "type": "User",
2024-05-28T09:04:55.4171776Z             "url": "https://api.github.com/users/sivasadobe"
2024-05-28T09:04:55.4172455Z           },
2024-05-28T09:04:55.4172802Z           "private": false,
2024-05-28T09:04:55.4173617Z           "pulls_url": "https://api.github.com/repos/sivasadobe/test-wf/pulls{/number}",
2024-05-28T09:04:55.4174575Z           "pushed_at": "2024-05-28T09:04:32Z",
2024-05-28T09:04:55.4175439Z           "releases_url": "https://api.github.com/repos/sivasadobe/test-wf/releases{/id}",
2024-05-28T09:04:55.4176228Z           "size": 6,
2024-05-28T09:04:55.4176803Z           "squash_merge_commit_message": "COMMIT_MESSAGES",
2024-05-28T09:04:55.4177492Z           "squash_merge_commit_title": "COMMIT_OR_PR_TITLE",
2024-05-28T09:04:55.4178199Z           "ssh_url": "git@github.com:sivasadobe/test-wf.git",
2024-05-28T09:04:55.4178908Z           "stargazers_count": 0,
2024-05-28T09:04:55.4179729Z           "stargazers_url": "https://api.github.com/repos/sivasadobe/test-wf/stargazers",
2024-05-28T09:04:55.4180825Z           "statuses_url": "https://api.github.com/repos/sivasadobe/test-wf/statuses/{sha}",
2024-05-28T09:04:55.4182058Z           "subscribers_url": "https://api.github.com/repos/sivasadobe/test-wf/subscribers",
2024-05-28T09:04:55.4183218Z           "subscription_url": "https://api.github.com/repos/sivasadobe/test-wf/subscription",
2024-05-28T09:04:55.4184147Z           "svn_url": "https://github.com/sivasadobe/test-wf",
2024-05-28T09:04:55.4185095Z           "tags_url": "https://api.github.com/repos/sivasadobe/test-wf/tags",
2024-05-28T09:04:55.4186049Z           "teams_url": "https://api.github.com/repos/sivasadobe/test-wf/teams",
2024-05-28T09:04:55.4186730Z           "topics": [],
2024-05-28T09:04:55.4187557Z           "trees_url": "https://api.github.com/repos/sivasadobe/test-wf/git/trees{/sha}",
2024-05-28T09:04:55.4188422Z           "updated_at": "2024-05-28T09:02:49Z",
2024-05-28T09:04:55.4189221Z           "url": "https://api.github.com/repos/sivasadobe/test-wf",
2024-05-28T09:04:55.4189884Z           "use_squash_pr_title_as_default": false,
2024-05-28T09:04:55.4190481Z           "visibility": "public",
2024-05-28T09:04:55.4191052Z           "watchers": 0,
2024-05-28T09:04:55.4191452Z           "watchers_count": 0,
2024-05-28T09:04:55.4192216Z           "web_commit_signoff_required": false
2024-05-28T09:04:55.4192856Z         },
2024-05-28T09:04:55.4193275Z         "sha": "035265e36f1f6f903f295470dbccea3fbd2fd215",
2024-05-28T09:04:55.4193867Z         "user": {
2024-05-28T09:04:55.4194547Z           "avatar_url": "https://avatars.githubusercontent.com/u/163842332?v=4",
2024-05-28T09:04:55.4195501Z           "events_url": "https://api.github.com/users/sivasadobe/events{/privacy}",
2024-05-28T09:04:55.4196457Z           "followers_url": "https://api.github.com/users/sivasadobe/followers",
2024-05-28T09:04:55.4197741Z           "following_url": "https://api.github.com/users/sivasadobe/following{/other_user}",
2024-05-28T09:04:55.4198732Z           "gists_url": "https://api.github.com/users/sivasadobe/gists{/gist_id}",
2024-05-28T09:04:55.4199507Z           "gravatar_id": "",
2024-05-28T09:04:55.4200089Z           "html_url": "https://github.com/sivasadobe",
2024-05-28T09:04:55.4200636Z           "id": 163842332,
2024-05-28T09:04:55.4201088Z           "login": "sivasadobe",
2024-05-28T09:04:55.4201634Z           "node_id": "U_kgDOCcQJHA",
2024-05-28T09:04:55.4202306Z           "organizations_url": "https://api.github.com/users/sivasadobe/orgs",
2024-05-28T09:04:55.4203332Z           "received_events_url": "https://api.github.com/users/sivasadobe/received_events",
2024-05-28T09:04:55.4204351Z           "repos_url": "https://api.github.com/users/sivasadobe/repos",
2024-05-28T09:04:55.4204998Z           "site_admin": false,
2024-05-28T09:04:55.4205736Z           "starred_url": "https://api.github.com/users/sivasadobe/starred{/owner}{/repo}",
2024-05-28T09:04:55.4206867Z           "subscriptions_url": "https://api.github.com/users/sivasadobe/subscriptions",
2024-05-28T09:04:55.4207689Z           "type": "User",
2024-05-28T09:04:55.4208364Z           "url": "https://api.github.com/users/sivasadobe"
2024-05-28T09:04:55.4209049Z         }
2024-05-28T09:04:55.4209401Z       },
2024-05-28T09:04:55.4210375Z       "body": "## What? \r\nSupport for #JIRA-123\r\n## What?\r\nAdded table to support #JIRA-567\r\n## What?\r\nSee the subject.",
2024-05-28T09:04:55.4211509Z       "changed_files": 1,
2024-05-28T09:04:55.4212010Z       "closed_at": "2024-05-28T09:04:45Z",
2024-05-28T09:04:55.4212505Z       "comments": 0,
2024-05-28T09:04:55.4213342Z       "comments_url": "https://api.github.com/repos/sivasadobe/test-wf/issues/3/comments",
2024-05-28T09:04:55.4214151Z       "commits": 1,
2024-05-28T09:04:55.4214843Z       "commits_url": "https://api.github.com/repos/sivasadobe/test-wf/pulls/3/commits",
2024-05-28T09:04:55.4215794Z       "created_at": "2024-05-28T09:04:32Z",
2024-05-28T09:04:55.4216349Z       "deletions": 1,
2024-05-28T09:04:55.4216936Z       "diff_url": "https://github.com/sivasadobe/test-wf/pull/3.diff",
2024-05-28T09:04:55.4217689Z       "draft": false,
2024-05-28T09:04:55.4218089Z       "head": {
2024-05-28T09:04:55.4218445Z         "label": "sivasadobe:stage",
2024-05-28T09:04:55.4219019Z         "ref": "stage",
2024-05-28T09:04:55.4219422Z         "repo": {
2024-05-28T09:04:55.4219807Z           "allow_auto_merge": false,
2024-05-28T09:04:55.4220397Z           "allow_forking": true,
2024-05-28T09:04:55.4220883Z           "allow_merge_commit": true,
2024-05-28T09:04:55.4221376Z           "allow_rebase_merge": true,
2024-05-28T09:04:55.4221963Z           "allow_squash_merge": true,
2024-05-28T09:04:55.4222481Z           "allow_update_branch": false,
2024-05-28T09:04:55.4223416Z           "archive_url": "https://api.github.com/repos/sivasadobe/test-wf/{archive_format}{/ref}",
2024-05-28T09:04:55.4224336Z           "archived": false,
2024-05-28T09:04:55.4225113Z           "assignees_url": "https://api.github.com/repos/sivasadobe/test-wf/assignees{/user}",
2024-05-28T09:04:55.4226270Z           "blobs_url": "https://api.github.com/repos/sivasadobe/test-wf/git/blobs{/sha}",
2024-05-28T09:04:55.4227489Z           "branches_url": "https://api.github.com/repos/sivasadobe/test-wf/branches{/branch}",
2024-05-28T09:04:55.4228461Z           "clone_url": "https://github.com/sivasadobe/test-wf.git",
2024-05-28T09:04:55.4229623Z           "collaborators_url": "https://api.github.com/repos/sivasadobe/test-wf/collaborators{/collaborator}",
2024-05-28T09:04:55.4230993Z           "comments_url": "https://api.github.com/repos/sivasadobe/test-wf/comments{/number}",
2024-05-28T09:04:55.4232407Z           "commits_url": "https://api.github.com/repos/sivasadobe/test-wf/commits{/sha}",
2024-05-28T09:04:55.4233582Z           "compare_url": "https://api.github.com/repos/sivasadobe/test-wf/compare/{base}...{head}",
2024-05-28T09:04:55.4235135Z           "contents_url": "https://api.github.com/repos/sivasadobe/test-wf/contents/{+path}",
2024-05-28T09:04:55.4236334Z           "contributors_url": "https://api.github.com/repos/sivasadobe/test-wf/contributors",
2024-05-28T09:04:55.4237207Z           "created_at": "2024-05-28T07:51:19Z",
2024-05-28T09:04:55.4237843Z           "default_branch": "main",
2024-05-28T09:04:55.4238362Z           "delete_branch_on_merge": false,
2024-05-28T09:04:55.4239202Z           "deployments_url": "https://api.github.com/repos/sivasadobe/test-wf/deployments",
2024-05-28T09:04:55.4240110Z           "description": null,
2024-05-28T09:04:55.4240571Z           "disabled": false,
2024-05-28T09:04:55.4241294Z           "downloads_url": "https://api.github.com/repos/sivasadobe/test-wf/downloads",
2024-05-28T09:04:55.4242446Z           "events_url": "https://api.github.com/repos/sivasadobe/test-wf/events",
2024-05-28T09:04:55.4243173Z           "fork": false,
2024-05-28T09:04:55.4243567Z           "forks": 0,
2024-05-28T09:04:55.4244063Z           "forks_count": 0,
2024-05-28T09:04:55.4244760Z           "forks_url": "https://api.github.com/repos/sivasadobe/test-wf/forks",
2024-05-28T09:04:55.4245572Z           "full_name": "sivasadobe/test-wf",
2024-05-28T09:04:55.4246680Z           "git_commits_url": "https://api.github.com/repos/sivasadobe/test-wf/git/commits{/sha}",
2024-05-28T09:04:55.4247859Z           "git_refs_url": "https://api.github.com/repos/sivasadobe/test-wf/git/refs{/sha}",
2024-05-28T09:04:55.4248993Z           "git_tags_url": "https://api.github.com/repos/sivasadobe/test-wf/git/tags{/sha}",
2024-05-28T09:04:55.4249985Z           "git_url": "git://github.com/sivasadobe/test-wf.git",
2024-05-28T09:04:55.4250620Z           "has_discussions": false,
2024-05-28T09:04:55.4251136Z           "has_downloads": true,
2024-05-28T09:04:55.4251637Z           "has_issues": true,
2024-05-28T09:04:55.4252090Z           "has_pages": false,
2024-05-28T09:04:55.4252590Z           "has_projects": true,
2024-05-28T09:04:55.4253092Z           "has_wiki": true,
2024-05-28T09:04:55.4253543Z           "homepage": null,
2024-05-28T09:04:55.4254245Z           "hooks_url": "https://api.github.com/repos/sivasadobe/test-wf/hooks",
2024-05-28T09:04:55.4255161Z           "html_url": "https://github.com/sivasadobe/test-wf",
2024-05-28T09:04:55.4255795Z           "id": 806946622,
2024-05-28T09:04:55.4256229Z           "is_template": false,
2024-05-28T09:04:55.4257198Z           "issue_comment_url": "https://api.github.com/repos/sivasadobe/test-wf/issues/comments{/number}",
2024-05-28T09:04:55.4258542Z           "issue_events_url": "https://api.github.com/repos/sivasadobe/test-wf/issues/events{/number}",
2024-05-28T09:04:55.4259747Z           "issues_url": "https://api.github.com/repos/sivasadobe/test-wf/issues{/number}",
2024-05-28T09:04:55.4260904Z           "keys_url": "https://api.github.com/repos/sivasadobe/test-wf/keys{/key_id}",
2024-05-28T09:04:55.4261989Z           "labels_url": "https://api.github.com/repos/sivasadobe/test-wf/labels{/name}",
2024-05-28T09:04:55.4262772Z           "language": null,
2024-05-28T09:04:55.4263610Z           "languages_url": "https://api.github.com/repos/sivasadobe/test-wf/languages",
2024-05-28T09:04:55.4264353Z           "license": null,
2024-05-28T09:04:55.4264830Z           "merge_commit_message": "PR_TITLE",
2024-05-28T09:04:55.4265491Z           "merge_commit_title": "MERGE_MESSAGE",
2024-05-28T09:04:55.4266274Z           "merges_url": "https://api.github.com/repos/sivasadobe/test-wf/merges",
2024-05-28T09:04:55.4267399Z           "milestones_url": "https://api.github.com/repos/sivasadobe/test-wf/milestones{/number}",
2024-05-28T09:04:55.4268339Z           "mirror_url": null,
2024-05-28T09:04:55.4268789Z           "name": "test-wf",
2024-05-28T09:04:55.4269247Z           "node_id": "R_kgDOMBkHPg",
2024-05-28T09:04:55.4270424Z           "notifications_url": "https://api.github.com/repos/sivasadobe/test-wf/notifications{?since,all,participating}",
2024-05-28T09:04:55.4271430Z           "open_issues": 0,
2024-05-28T09:04:55.4272321Z           "open_issues_count": 0,
2024-05-28T09:04:55.4272890Z           "owner": {
2024-05-28T09:04:55.4273512Z             "avatar_url": "https://avatars.githubusercontent.com/u/163842332?v=4",
2024-05-28T09:04:55.4274511Z             "events_url": "https://api.github.com/users/sivasadobe/events{/privacy}",
2024-05-28T09:04:55.4275533Z             "followers_url": "https://api.github.com/users/sivasadobe/followers",
2024-05-28T09:04:55.4276554Z             "following_url": "https://api.github.com/users/sivasadobe/following{/other_user}",
2024-05-28T09:04:55.4277548Z             "gists_url": "https://api.github.com/users/sivasadobe/gists{/gist_id}",
2024-05-28T09:04:55.4278348Z             "gravatar_id": "",
2024-05-28T09:04:55.4278883Z             "html_url": "https://github.com/sivasadobe",
2024-05-28T09:04:55.4279443Z             "id": 163842332,
2024-05-28T09:04:55.4279974Z             "login": "sivasadobe",
2024-05-28T09:04:55.4280484Z             "node_id": "U_kgDOCcQJHA",
2024-05-28T09:04:55.4281167Z             "organizations_url": "https://api.github.com/users/sivasadobe/orgs",
2024-05-28T09:04:55.4282245Z             "received_events_url": "https://api.github.com/users/sivasadobe/received_events",
2024-05-28T09:04:55.4283388Z             "repos_url": "https://api.github.com/users/sivasadobe/repos",
2024-05-28T09:04:55.4284053Z             "site_admin": false,
2024-05-28T09:04:55.4284864Z             "starred_url": "https://api.github.com/users/sivasadobe/starred{/owner}{/repo}",
2024-05-28T09:04:55.4285951Z             "subscriptions_url": "https://api.github.com/users/sivasadobe/subscriptions",
2024-05-28T09:04:55.4286800Z             "type": "User",
2024-05-28T09:04:55.4287301Z             "url": "https://api.github.com/users/sivasadobe"
2024-05-28T09:04:55.4287903Z           },
2024-05-28T09:04:55.4288322Z           "private": false,
2024-05-28T09:04:55.4289112Z           "pulls_url": "https://api.github.com/repos/sivasadobe/test-wf/pulls{/number}",
2024-05-28T09:04:55.4289984Z           "pushed_at": "2024-05-28T09:04:32Z",
2024-05-28T09:04:55.4290921Z           "releases_url": "https://api.github.com/repos/sivasadobe/test-wf/releases{/id}",
2024-05-28T09:04:55.4291695Z           "size": 6,
2024-05-28T09:04:55.4292183Z           "squash_merge_commit_message": "COMMIT_MESSAGES",
2024-05-28T09:04:55.4292939Z           "squash_merge_commit_title": "COMMIT_OR_PR_TITLE",
2024-05-28T09:04:55.4293671Z           "ssh_url": "git@github.com:sivasadobe/test-wf.git",
2024-05-28T09:04:55.4294290Z           "stargazers_count": 0,
2024-05-28T09:04:55.4295172Z           "stargazers_url": "https://api.github.com/repos/sivasadobe/test-wf/stargazers",
2024-05-28T09:04:55.4296291Z           "statuses_url": "https://api.github.com/repos/sivasadobe/test-wf/statuses/{sha}",
2024-05-28T09:04:55.4297437Z           "subscribers_url": "https://api.github.com/repos/sivasadobe/test-wf/subscribers",
2024-05-28T09:04:55.4298709Z           "subscription_url": "https://api.github.com/repos/sivasadobe/test-wf/subscription",
2024-05-28T09:04:55.4299657Z           "svn_url": "https://github.com/sivasadobe/test-wf",
2024-05-28T09:04:55.4300510Z           "tags_url": "https://api.github.com/repos/sivasadobe/test-wf/tags",
2024-05-28T09:04:55.4301558Z           "teams_url": "https://api.github.com/repos/sivasadobe/test-wf/teams",
2024-05-28T09:04:55.4302279Z           "topics": [],
2024-05-28T09:04:55.4302992Z           "trees_url": "https://api.github.com/repos/sivasadobe/test-wf/git/trees{/sha}",
2024-05-28T09:04:55.4303928Z           "updated_at": "2024-05-28T09:02:49Z",
2024-05-28T09:04:55.4304650Z           "url": "https://api.github.com/repos/sivasadobe/test-wf",
2024-05-28T09:04:55.4305311Z           "use_squash_pr_title_as_default": false,
2024-05-28T09:04:55.4305961Z           "visibility": "public",
2024-05-28T09:04:55.4306439Z           "watchers": 0,
2024-05-28T09:04:55.4306830Z           "watchers_count": 0,
2024-05-28T09:04:55.4307442Z           "web_commit_signoff_required": false
2024-05-28T09:04:55.4308142Z         },
2024-05-28T09:04:55.4308573Z         "sha": "70aef2bbd4401dc4c9d692ef536b819a384248c4",
2024-05-28T09:04:55.4309243Z         "user": {
2024-05-28T09:04:55.4309857Z           "avatar_url": "https://avatars.githubusercontent.com/u/163842332?v=4",
2024-05-28T09:04:55.4310878Z           "events_url": "https://api.github.com/users/sivasadobe/events{/privacy}",
2024-05-28T09:04:55.4312247Z           "followers_url": "https://api.github.com/users/sivasadobe/followers",
2024-05-28T09:04:55.4313323Z           "following_url": "https://api.github.com/users/sivasadobe/following{/other_user}",
2024-05-28T09:04:55.4314330Z           "gists_url": "https://api.github.com/users/sivasadobe/gists{/gist_id}",
2024-05-28T09:04:55.4315139Z           "gravatar_id": "",
2024-05-28T09:04:55.4315678Z           "html_url": "https://github.com/sivasadobe",
2024-05-28T09:04:55.4316220Z           "id": 163842332,
2024-05-28T09:04:55.4316741Z           "login": "sivasadobe",
2024-05-28T09:04:55.4317238Z           "node_id": "U_kgDOCcQJHA",
2024-05-28T09:04:55.4317940Z           "organizations_url": "https://api.github.com/users/sivasadobe/orgs",
2024-05-28T09:04:55.4318964Z           "received_events_url": "https://api.github.com/users/sivasadobe/received_events",
2024-05-28T09:04:55.4320093Z           "repos_url": "https://api.github.com/users/sivasadobe/repos",
2024-05-28T09:04:55.4320784Z           "site_admin": false,
2024-05-28T09:04:55.4321540Z           "starred_url": "https://api.github.com/users/sivasadobe/starred{/owner}{/repo}",
2024-05-28T09:04:55.4322615Z           "subscriptions_url": "https://api.github.com/users/sivasadobe/subscriptions",
2024-05-28T09:04:55.4323398Z           "type": "User",
2024-05-28T09:04:55.4323963Z           "url": "https://api.github.com/users/sivasadobe"
2024-05-28T09:04:55.4324553Z         }
2024-05-28T09:04:55.4324903Z       },
2024-05-28T09:04:55.4325513Z       "html_url": "https://github.com/sivasadobe/test-wf/pull/3",
2024-05-28T09:04:55.4326158Z       "id": 1891402274,
2024-05-28T09:04:55.4326849Z       "issue_url": "https://api.github.com/repos/sivasadobe/test-wf/issues/3",
2024-05-28T09:04:55.4327623Z       "labels": [],
2024-05-28T09:04:55.4328011Z       "locked": false,
2024-05-28T09:04:55.4328440Z       "maintainer_can_modify": false,
2024-05-28T09:04:55.4329150Z       "merge_commit_sha": "4f1f170bca95c3af6cb472457b049ae14393aa53",
2024-05-28T09:04:55.4329837Z       "mergeable": null,
2024-05-28T09:04:55.4330293Z       "mergeable_state": "unknown",
2024-05-28T09:04:55.4330802Z       "merged": true,
2024-05-28T09:04:55.4331275Z       "merged_at": "2024-05-28T09:04:45Z",
2024-05-28T09:04:55.4331828Z       "merged_by": {
2024-05-28T09:04:55.4332484Z         "avatar_url": "https://avatars.githubusercontent.com/u/163842332?v=4",
2024-05-28T09:04:55.4333465Z         "events_url": "https://api.github.com/users/sivasadobe/events{/privacy}",
2024-05-28T09:04:55.4334429Z         "followers_url": "https://api.github.com/users/sivasadobe/followers",
2024-05-28T09:04:55.4335465Z         "following_url": "https://api.github.com/users/sivasadobe/following{/other_user}",
2024-05-28T09:04:55.4336483Z         "gists_url": "https://api.github.com/users/sivasadobe/gists{/gist_id}",
2024-05-28T09:04:55.4337228Z         "gravatar_id": "",
2024-05-28T09:04:55.4337802Z         "html_url": "https://github.com/sivasadobe",
2024-05-28T09:04:55.4338344Z         "id": 163842332,
2024-05-28T09:04:55.4338781Z         "login": "sivasadobe",
2024-05-28T09:04:55.4339309Z         "node_id": "U_kgDOCcQJHA",
2024-05-28T09:04:55.4339964Z         "organizations_url": "https://api.github.com/users/sivasadobe/orgs",
2024-05-28T09:04:55.4340992Z         "received_events_url": "https://api.github.com/users/sivasadobe/received_events",
2024-05-28T09:04:55.4342004Z         "repos_url": "https://api.github.com/users/sivasadobe/repos",
2024-05-28T09:04:55.4342658Z         "site_admin": false,
2024-05-28T09:04:55.4343377Z         "starred_url": "https://api.github.com/users/sivasadobe/starred{/owner}{/repo}",
2024-05-28T09:04:55.4344686Z         "subscriptions_url": "https://api.github.com/users/sivasadobe/subscriptions",
2024-05-28T09:04:55.4345445Z         "type": "User",
2024-05-28T09:04:55.4345951Z         "url": "https://api.github.com/users/sivasadobe"
2024-05-28T09:04:55.4346607Z       },
2024-05-28T09:04:55.4346925Z       "milestone": null,
2024-05-28T09:04:55.4347377Z       "node_id": "PR_kwDOMBkHPs5wvIIi",
2024-05-28T09:04:55.4347966Z       "number": 3,
2024-05-28T09:04:55.4348602Z       "patch_url": "https://github.com/sivasadobe/test-wf/pull/3.patch",
2024-05-28T09:04:55.4349300Z       "rebaseable": null,
2024-05-28T09:04:55.4349820Z       "requested_reviewers": [],
2024-05-28T09:04:55.4350262Z       "requested_teams": [],
2024-05-28T09:04:55.4351166Z       "review_comment_url": "https://api.github.com/repos/sivasadobe/test-wf/pulls/comments{/number}",
2024-05-28T09:04:55.4352466Z       "review_comments": 0,
2024-05-28T09:04:55.4353415Z       "review_comments_url": "https://api.github.com/repos/sivasadobe/test-wf/pulls/3/comments",
2024-05-28T09:04:55.4354289Z       "state": "closed",
2024-05-28T09:04:55.4355453Z       "statuses_url": "https://api.github.com/repos/sivasadobe/test-wf/statuses/70aef2bbd4401dc4c9d692ef536b819a384248c4",
2024-05-28T09:04:55.4356500Z       "title": "fix",
2024-05-28T09:04:55.4357296Z       "updated_at": "2024-05-28T09:04:45Z",
2024-05-28T09:04:55.4358198Z       "url": "https://api.github.com/repos/sivasadobe/test-wf/pulls/3",
2024-05-28T09:04:55.4358888Z       "user": {
2024-05-28T09:04:55.4359465Z         "avatar_url": "https://avatars.githubusercontent.com/u/163842332?v=4",
2024-05-28T09:04:55.4360489Z         "events_url": "https://api.github.com/users/sivasadobe/events{/privacy}",
2024-05-28T09:04:55.4361428Z         "followers_url": "https://api.github.com/users/sivasadobe/followers",
2024-05-28T09:04:55.4362412Z         "following_url": "https://api.github.com/users/sivasadobe/following{/other_user}",
2024-05-28T09:04:55.4363485Z         "gists_url": "https://api.github.com/users/sivasadobe/gists{/gist_id}",
2024-05-28T09:04:55.4364239Z         "gravatar_id": "",
2024-05-28T09:04:55.4364710Z         "html_url": "https://github.com/sivasadobe",
2024-05-28T09:04:55.4365374Z         "id": 163842332,
2024-05-28T09:04:55.4365813Z         "login": "sivasadobe",
2024-05-28T09:04:55.4366248Z         "node_id": "U_kgDOCcQJHA",
2024-05-28T09:04:55.4367026Z         "organizations_url": "https://api.github.com/users/sivasadobe/orgs",
2024-05-28T09:04:55.4368056Z         "received_events_url": "https://api.github.com/users/sivasadobe/received_events",
2024-05-28T09:04:55.4368961Z         "repos_url": "https://api.github.com/users/sivasadobe/repos",
2024-05-28T09:04:55.4369690Z         "site_admin": false,
2024-05-28T09:04:55.4370418Z         "starred_url": "https://api.github.com/users/sivasadobe/starred{/owner}{/repo}",
2024-05-28T09:04:55.4371461Z         "subscriptions_url": "https://api.github.com/users/sivasadobe/subscriptions",
2024-05-28T09:04:55.4372268Z         "type": "User",
2024-05-28T09:04:55.4372791Z         "url": "https://api.github.com/users/sivasadobe"
2024-05-28T09:04:55.4373406Z       }
2024-05-28T09:04:55.4373760Z     },
2024-05-28T09:04:55.4374114Z     "repository": {
2024-05-28T09:04:55.4374515Z       "allow_forking": true,
2024-05-28T09:04:55.4375451Z       "archive_url": "https://api.github.com/repos/sivasadobe/test-wf/{archive_format}{/ref}",
2024-05-28T09:04:55.4376290Z       "archived": false,
2024-05-28T09:04:55.4377064Z       "assignees_url": "https://api.github.com/repos/sivasadobe/test-wf/assignees{/user}",
2024-05-28T09:04:55.4378247Z       "blobs_url": "https://api.github.com/repos/sivasadobe/test-wf/git/blobs{/sha}",
2024-05-28T09:04:55.4379383Z       "branches_url": "https://api.github.com/repos/sivasadobe/test-wf/branches{/branch}",
2024-05-28T09:04:55.4380372Z       "clone_url": "https://github.com/sivasadobe/test-wf.git",
2024-05-28T09:04:55.4381560Z       "collaborators_url": "https://api.github.com/repos/sivasadobe/test-wf/collaborators{/collaborator}",
2024-05-28T09:04:55.4383028Z       "comments_url": "https://api.github.com/repos/sivasadobe/test-wf/comments{/number}",
2024-05-28T09:04:55.4384176Z       "commits_url": "https://api.github.com/repos/sivasadobe/test-wf/commits{/sha}",
2024-05-28T09:04:55.4385431Z       "compare_url": "https://api.github.com/repos/sivasadobe/test-wf/compare/{base}...{head}",
2024-05-28T09:04:55.4386587Z       "contents_url": "https://api.github.com/repos/sivasadobe/test-wf/contents/{+path}",
2024-05-28T09:04:55.4387780Z       "contributors_url": "https://api.github.com/repos/sivasadobe/test-wf/contributors",
2024-05-28T09:04:55.4388733Z       "created_at": "2024-05-28T07:51:19Z",
2024-05-28T09:04:55.4389230Z       "default_branch": "main",
2024-05-28T09:04:55.4390051Z       "deployments_url": "https://api.github.com/repos/sivasadobe/test-wf/deployments",
2024-05-28T09:04:55.4390921Z       "description": null,
2024-05-28T09:04:55.4391323Z       "disabled": false,
2024-05-28T09:04:55.4393224Z       "downloads_url": "https://api.github.com/repos/sivasadobe/test-wf/downloads",
2024-05-28T09:04:55.4394449Z       "events_url": "https://api.github.com/repos/sivasadobe/test-wf/events",
2024-05-28T09:04:55.4395159Z       "fork": false,
2024-05-28T09:04:55.4395554Z       "forks": 0,
2024-05-28T09:04:55.4396172Z       "forks_count": 0,
2024-05-28T09:04:55.4396873Z       "forks_url": "https://api.github.com/repos/sivasadobe/test-wf/forks",
2024-05-28T09:04:55.4397839Z       "full_name": "sivasadobe/test-wf",
2024-05-28T09:04:55.4398842Z       "git_commits_url": "https://api.github.com/repos/sivasadobe/test-wf/git/commits{/sha}",
2024-05-28T09:04:55.4399993Z       "git_refs_url": "https://api.github.com/repos/sivasadobe/test-wf/git/refs{/sha}",
2024-05-28T09:04:55.4401105Z       "git_tags_url": "https://api.github.com/repos/sivasadobe/test-wf/git/tags{/sha}",
2024-05-28T09:04:55.4402141Z       "git_url": "git://github.com/sivasadobe/test-wf.git",
2024-05-28T09:04:55.4402772Z       "has_discussions": false,
2024-05-28T09:04:55.4403211Z       "has_downloads": true,
2024-05-28T09:04:55.4403753Z       "has_issues": true,
2024-05-28T09:04:55.4404184Z       "has_pages": false,
2024-05-28T09:04:55.4404576Z       "has_projects": true,
2024-05-28T09:04:55.4405087Z       "has_wiki": true,
2024-05-28T09:04:55.4405515Z       "homepage": null,
2024-05-28T09:04:55.4406156Z       "hooks_url": "https://api.github.com/repos/sivasadobe/test-wf/hooks",
2024-05-28T09:04:55.4407117Z       "html_url": "https://github.com/sivasadobe/test-wf",
2024-05-28T09:04:55.4407714Z       "id": 806946622,
2024-05-28T09:04:55.4408086Z       "is_template": false,
2024-05-28T09:04:55.4409067Z       "issue_comment_url": "https://api.github.com/repos/sivasadobe/test-wf/issues/comments{/number}",
2024-05-28T09:04:55.4410386Z       "issue_events_url": "https://api.github.com/repos/sivasadobe/test-wf/issues/events{/number}",
2024-05-28T09:04:55.4411557Z       "issues_url": "https://api.github.com/repos/sivasadobe/test-wf/issues{/number}",
2024-05-28T09:04:55.4412715Z       "keys_url": "https://api.github.com/repos/sivasadobe/test-wf/keys{/key_id}",
2024-05-28T09:04:55.4413789Z       "labels_url": "https://api.github.com/repos/sivasadobe/test-wf/labels{/name}",
2024-05-28T09:04:55.4414538Z       "language": null,
2024-05-28T09:04:55.4415334Z       "languages_url": "https://api.github.com/repos/sivasadobe/test-wf/languages",
2024-05-28T09:04:55.4416132Z       "license": null,
2024-05-28T09:04:55.4416787Z       "merges_url": "https://api.github.com/repos/sivasadobe/test-wf/merges",
2024-05-28T09:04:55.4417966Z       "milestones_url": "https://api.github.com/repos/sivasadobe/test-wf/milestones{/number}",
2024-05-28T09:04:55.4418804Z       "mirror_url": null,
2024-05-28T09:04:55.4419339Z       "name": "test-wf",
2024-05-28T09:04:55.4419737Z       "node_id": "R_kgDOMBkHPg",
2024-05-28T09:04:55.4420808Z       "notifications_url": "https://api.github.com/repos/sivasadobe/test-wf/notifications{?since,all,participating}",
2024-05-28T09:04:55.4421885Z       "open_issues": 0,
2024-05-28T09:04:55.4422274Z       "open_issues_count": 0,
2024-05-28T09:04:55.4422900Z       "owner": {
2024-05-28T09:04:55.4423571Z         "avatar_url": "https://avatars.githubusercontent.com/u/163842332?v=4",
2024-05-28T09:04:55.4424516Z         "events_url": "https://api.github.com/users/sivasadobe/events{/privacy}",
2024-05-28T09:04:55.4425474Z         "followers_url": "https://api.github.com/users/sivasadobe/followers",
2024-05-28T09:04:55.4426535Z         "following_url": "https://api.github.com/users/sivasadobe/following{/other_user}",
2024-05-28T09:04:55.4427509Z         "gists_url": "https://api.github.com/users/sivasadobe/gists{/gist_id}",
2024-05-28T09:04:55.4428313Z         "gravatar_id": "",
2024-05-28T09:04:55.4428871Z         "html_url": "https://github.com/sivasadobe",
2024-05-28T09:04:55.4429421Z         "id": 163842332,
2024-05-28T09:04:55.4429842Z         "login": "sivasadobe",
2024-05-28T09:04:55.4430370Z         "node_id": "U_kgDOCcQJHA",
2024-05-28T09:04:55.4431041Z         "organizations_url": "https://api.github.com/users/sivasadobe/orgs",
2024-05-28T09:04:55.4432294Z         "received_events_url": "https://api.github.com/users/sivasadobe/received_events",
2024-05-28T09:04:55.4433378Z         "repos_url": "https://api.github.com/users/sivasadobe/repos",
2024-05-28T09:04:55.4434207Z         "site_admin": false,
2024-05-28T09:04:55.4434897Z         "starred_url": "https://api.github.com/users/sivasadobe/starred{/owner}{/repo}",
2024-05-28T09:04:55.4436031Z         "subscriptions_url": "https://api.github.com/users/sivasadobe/subscriptions",
2024-05-28T09:04:55.4436804Z         "type": "User",
2024-05-28T09:04:55.4437269Z         "url": "https://api.github.com/users/sivasadobe"
2024-05-28T09:04:55.4437926Z       },
2024-05-28T09:04:55.4438273Z       "private": false,
2024-05-28T09:04:55.4438990Z       "pulls_url": "https://api.github.com/repos/sivasadobe/test-wf/pulls{/number}",
2024-05-28T09:04:55.4439912Z       "pushed_at": "2024-05-28T09:04:32Z",
2024-05-28T09:04:55.4440766Z       "releases_url": "https://api.github.com/repos/sivasadobe/test-wf/releases{/id}",
2024-05-28T09:04:55.4441529Z       "size": 6,
2024-05-28T09:04:55.4442133Z       "ssh_url": "git@github.com:sivasadobe/test-wf.git",
2024-05-28T09:04:55.4442746Z       "stargazers_count": 0,
2024-05-28T09:04:55.4443502Z       "stargazers_url": "https://api.github.com/repos/sivasadobe/test-wf/stargazers",
2024-05-28T09:04:55.4444714Z       "statuses_url": "https://api.github.com/repos/sivasadobe/test-wf/statuses/{sha}",
2024-05-28T09:04:55.4445871Z       "subscribers_url": "https://api.github.com/repos/sivasadobe/test-wf/subscribers",
2024-05-28T09:04:55.4447015Z       "subscription_url": "https://api.github.com/repos/sivasadobe/test-wf/subscription",
2024-05-28T09:04:55.4448045Z       "svn_url": "https://github.com/sivasadobe/test-wf",
2024-05-28T09:04:55.4448883Z       "tags_url": "https://api.github.com/repos/sivasadobe/test-wf/tags",
2024-05-28T09:04:55.4449854Z       "teams_url": "https://api.github.com/repos/sivasadobe/test-wf/teams",
2024-05-28T09:04:55.4450592Z       "topics": [],
2024-05-28T09:04:55.4451328Z       "trees_url": "https://api.github.com/repos/sivasadobe/test-wf/git/trees{/sha}",
2024-05-28T09:04:55.4452185Z       "updated_at": "2024-05-28T09:02:49Z",
2024-05-28T09:04:55.4452935Z       "url": "https://api.github.com/repos/sivasadobe/test-wf",
2024-05-28T09:04:55.4453604Z       "visibility": "public",
2024-05-28T09:04:55.4454049Z       "watchers": 0,
2024-05-28T09:04:55.4454486Z       "watchers_count": 0,
2024-05-28T09:04:55.4454970Z       "web_commit_signoff_required": false
2024-05-28T09:04:55.4455477Z     },
2024-05-28T09:04:55.4455900Z     "sender": {
2024-05-28T09:04:55.4456517Z       "avatar_url": "https://avatars.githubusercontent.com/u/163842332?v=4",
2024-05-28T09:04:55.4457472Z       "events_url": "https://api.github.com/users/sivasadobe/events{/privacy}",
2024-05-28T09:04:55.4458434Z       "followers_url": "https://api.github.com/users/sivasadobe/followers",
2024-05-28T09:04:55.4459467Z       "following_url": "https://api.github.com/users/sivasadobe/following{/other_user}",
2024-05-28T09:04:55.4460728Z       "gists_url": "https://api.github.com/users/sivasadobe/gists{/gist_id}",
2024-05-28T09:04:55.4461505Z       "gravatar_id": "",
2024-05-28T09:04:55.4461995Z       "html_url": "https://github.com/sivasadobe",
2024-05-28T09:04:55.4462563Z       "id": 163842332,
2024-05-28T09:04:55.4463017Z       "login": "sivasadobe",
2024-05-28T09:04:55.4463471Z       "node_id": "U_kgDOCcQJHA",
2024-05-28T09:04:55.4464140Z       "organizations_url": "https://api.github.com/users/sivasadobe/orgs",
2024-05-28T09:04:55.4465174Z       "received_events_url": "https://api.github.com/users/sivasadobe/received_events",
2024-05-28T09:04:55.4466123Z       "repos_url": "https://api.github.com/users/sivasadobe/repos",
2024-05-28T09:04:55.4466804Z       "site_admin": false,
2024-05-28T09:04:55.4467568Z       "starred_url": "https://api.github.com/users/sivasadobe/starred{/owner}{/repo}",
2024-05-28T09:04:55.4468571Z       "subscriptions_url": "https://api.github.com/users/sivasadobe/subscriptions",
2024-05-28T09:04:55.4469385Z       "type": "User",
2024-05-28T09:04:55.4469940Z       "url": "https://api.github.com/users/sivasadobe"
2024-05-28T09:04:55.4470479Z     }
2024-05-28T09:04:55.4470809Z   },
2024-05-28T09:04:55.4471365Z   "server_url": "https://github.com",
2024-05-28T09:04:55.4472430Z   "api_url": "https://api.github.com",
2024-05-28T09:04:55.4473081Z   "graphql_url": "https://api.github.com/graphql",
2024-05-28T09:04:55.4473800Z   "ref_name": "main",
2024-05-28T09:04:55.4474197Z   "ref_protected": false,
2024-05-28T09:04:55.4474624Z   "ref_type": "branch",
2024-05-28T09:04:55.4475110Z   "secret_source": "Actions",
2024-05-28T09:04:55.4476065Z   "workflow_ref": "sivasadobe/test-wf/.github/workflows/release-notification.yaml@refs/heads/main",
2024-05-28T09:04:55.4477115Z   "workflow_sha": "4f1f170bca95c3af6cb472457b049ae14393aa53",
2024-05-28T09:04:55.4477943Z   "workspace": "/home/runner/work/test-wf/test-wf",
2024-05-28T09:04:55.4478502Z   "action": "__run"
2024-05-28T09:04:55.4478877Z }
2024-05-28T09:04:55.4657131Z ##[group]Run echo "$JOB_CONTEXT"
2024-05-28T09:04:55.4657661Z [36;1mecho "$JOB_CONTEXT"[0m
2024-05-28T09:04:55.4716668Z shell: /usr/bin/bash -e {0}
2024-05-28T09:04:55.4717194Z env:
2024-05-28T09:04:55.4717547Z   PR_NUMBER: 3
2024-05-28T09:04:55.4718005Z   JOB_CONTEXT: {
  "status": "success"
}
2024-05-28T09:04:55.4718565Z ##[endgroup]
2024-05-28T09:04:55.4799242Z {
2024-05-28T09:04:55.4800965Z   "status": "success"
2024-05-28T09:04:55.4801793Z }
2024-05-28T09:04:55.4840416Z ##[group]Run echo "$PR_TITLE"
2024-05-28T09:04:55.4840967Z [36;1mecho "$PR_TITLE"[0m
2024-05-28T09:04:55.4895597Z shell: /usr/bin/bash -e {0}
2024-05-28T09:04:55.4896201Z env:
2024-05-28T09:04:55.4896802Z   PR_NUMBER: 3
2024-05-28T09:04:55.4897285Z   PR_TITLE: fix
2024-05-28T09:04:55.4897815Z ##[endgroup]
2024-05-28T09:04:55.5129758Z fix
2024-05-28T09:04:55.5173722Z ##[group]Run echo "$PR_BODY"
2024-05-28T09:04:55.5174233Z [36;1mecho "$PR_BODY"[0m
2024-05-28T09:04:55.5226953Z shell: /usr/bin/bash -e {0}
2024-05-28T09:04:55.5227409Z env:
2024-05-28T09:04:55.5227766Z   PR_NUMBER: 3
2024-05-28T09:04:55.5228706Z   PR_BODY: ## What? 
Support for #JIRA-123
## What?
Added table to support #JIRA-567
## What?
See the subject.
2024-05-28T09:04:55.5229624Z ##[endgroup]
2024-05-28T09:04:55.5305660Z ## What? 
2024-05-28T09:04:55.5306488Z Support for #JIRA-123
2024-05-28T09:04:55.5307384Z ## What?
2024-05-28T09:04:55.5308817Z Added table to support #JIRA-567
2024-05-28T09:04:55.5309516Z ## What?
2024-05-28T09:04:55.5309865Z See the subject.
2024-05-28T09:04:55.5347015Z ##[group]Run echo The PR was merged - #"$PR_NUMBER"
2024-05-28T09:04:55.5347786Z [36;1mecho The PR was merged - #"$PR_NUMBER"[0m
2024-05-28T09:04:55.5348414Z [36;1mecho The PR Event - "$PR_EVENT"[0m
2024-05-28T09:04:55.5401287Z shell: /usr/bin/bash -e {0}
2024-05-28T09:04:55.5401836Z env:
2024-05-28T09:04:55.5402289Z   PR_NUMBER: 3
2024-05-28T09:04:55.5402667Z ##[endgroup]
2024-05-28T09:04:55.5480803Z The PR was merged -
2024-05-28T09:04:55.5481981Z The PR Event - 
2024-05-28T09:04:55.5620919Z Cleaning up orphan processes